// Jest Snapshot v1, https://goo.gl/fbAQLP

exports[`with-nested-divs 1`] = `
.f16lnj6g {
  color: red;
  font-size: 16px;
}

<div>
  <div
    className="f16lnj6g"
  >
    Hello World
  </div>
</div>
`;
